[Mon May  4 12:45:24 2026] PHP 8.3.6 Development Server (http://localhost:8000) started
[Mon May  4 12:45:28 2026] [::1]:36310 Accepted
[Mon May  4 12:45:28 2026] [::1]:36310 [200]: GET /login.php
[Mon May  4 12:45:28 2026] [::1]:36310 Closing
[Mon May  4 12:45:29 2026] [::1]:36320 Accepted
[Mon May  4 12:45:29 2026] [::1]:36320 [302]: POST /login.php
[Mon May  4 12:45:29 2026] [::1]:36320 Closing
[Mon May  4 12:45:29 2026] [::1]:36322 Accepted
[Mon May  4 12:45:29 2026] [::1]:36322 [200]: GET /index.php
[Mon May  4 12:45:29 2026] [::1]:36322 Closing
[Mon May  4 12:45:29 2026] [::1]:36338 Accepted
[Mon May  4 12:45:29 2026] [::1]:36338 [200]: GET /index.php
[Mon May  4 12:45:29 2026] [::1]:36338 Closing
[Mon May  4 12:48:01 2026] [::1]:54830 Accepted
[Mon May  4 12:48:01 2026] [::1]:54830 [200]: GET /login.php
[Mon May  4 12:48:01 2026] [::1]:54830 Closing
[Mon May  4 12:48:01 2026] [::1]:54838 Accepted
[Mon May  4 12:48:02 2026] [::1]:54838 [302]: POST /login.php
[Mon May  4 12:48:02 2026] [::1]:54838 Closing
[Mon May  4 12:48:02 2026] [::1]:54844 Accepted
[Mon May  4 12:48:02 2026] [::1]:54844 [200]: GET /index.php
[Mon May  4 12:48:02 2026] [::1]:54844 Closing
[Mon May  4 12:48:02 2026] [::1]:54854 Accepted
[Mon May  4 12:48:02 2026] [::1]:54854 [200]: GET /index.php
[Mon May  4 12:48:02 2026] [::1]:54854 Closing
[Mon May  4 12:48:02 2026] [::1]:54858 Accepted
[Mon May  4 12:48:02 2026] [::1]:54858 [200]: GET /import.php
[Mon May  4 12:48:02 2026] [::1]:54858 Closing
[Mon May  4 12:48:03 2026] [::1]:54868 Accepted
[Mon May  4 12:48:03 2026] [::1]:54868 [200]: GET /index.php
[Mon May  4 12:48:03 2026] [::1]:54868 Closing
[Mon May  4 12:48:03 2026] [::1]:54878 Accepted
[Mon May  4 12:48:03 2026] PHP Fatal error:  Uncaught PDOException: SQLSTATE[HY000]: General error: 1 no such column: d.created_at in /app/export.php:11
Stack trace:
#0 /app/export.php(11): PDO->query()
#1 {main}
  thrown in /app/export.php on line 11
[Mon May  4 12:48:03 2026] [::1]:54878 [500]: GET /export.php - Uncaught PDOException: SQLSTATE[HY000]: General error: 1 no such column: d.created_at in /app/export.php:11
Stack trace:
#0 /app/export.php(11): PDO->query()
#1 {main}
  thrown in /app/export.php on line 11
[Mon May  4 12:48:03 2026] [::1]:54878 Closing
[Mon May  4 12:51:54 2026] [::1]:52190 Accepted
[Mon May  4 12:51:54 2026] [::1]:52190 [200]: GET /login.php
[Mon May  4 12:51:54 2026] [::1]:52190 Closing
[Mon May  4 12:51:55 2026] [::1]:52206 Accepted
[Mon May  4 12:51:55 2026] [::1]:52206 [302]: POST /login.php
[Mon May  4 12:51:55 2026] [::1]:52206 Closing
[Mon May  4 12:51:55 2026] [::1]:52222 Accepted
[Mon May  4 12:51:55 2026] [::1]:52222 [200]: GET /index.php
[Mon May  4 12:51:55 2026] [::1]:52222 Closing
[Mon May  4 12:51:55 2026] [::1]:52230 Accepted
[Mon May  4 12:51:55 2026] [::1]:52230 [200]: GET /index.php
[Mon May  4 12:51:55 2026] [::1]:52230 Closing
[Mon May  4 12:51:56 2026] [::1]:52232 Accepted
[Mon May  4 12:51:56 2026] [::1]:52232 [200]: GET /import.php
[Mon May  4 12:51:56 2026] [::1]:52232 Closing
[Mon May  4 12:51:56 2026] [::1]:52236 Accepted
[Mon May  4 12:51:56 2026] [::1]:52236 [200]: GET /index.php
[Mon May  4 12:51:56 2026] [::1]:52236 Closing
[Mon May  4 12:51:57 2026] [::1]:52242 Accepted
[Mon May  4 12:51:57 2026] [::1]:52242 [200]: GET /export.php
[Mon May  4 12:51:57 2026] [::1]:52242 Closing
